Permutations: K = 5 (5 valid), 1 distinct answers up to ids; scored-kind structure sets: common 18 of union 18, pairwise Jaccard {'min': 1.0, 'mean': 1.0, 'max': 1.0}
  metric                                                  mean     min     max
  macro_f1_registers                                     0.568   0.568   0.568
  macro_f1_registers_exact                               0.477   0.477   0.477
  micro_f1_registers                                     0.600   0.600   0.600
  macro_f1_bits                                          0.868   0.868   0.868
  macro_f1_registers_verified                            0.476   0.476   0.476
  ami                                                    0.827   0.827   0.827
  ari                                                    0.645   0.645   0.645
  params_accuracy                                        0.826   0.826   0.826
  params_certified_accuracy                              0.889   0.889   0.889
  params_certified_compared                             18.000  18.000  18.000
  params_transcribed_accuracy                            0.600   0.600   0.600
  params_transcribed_compared                            5.000   5.000   5.000
  verified                                              16.000  16.000  16.000
  unknown                                                0.000   0.000   0.000
  verified_vacuous_hold                                  2.000   2.000   2.000
  verified_with_unchecked_params                        16.000  16.000  16.000
  verified_with_dead_bits                                0.000   0.000   0.000
  verified_load_hidden_share_mean                        0.347   0.347   0.347
  verified_load_hidden_share_max                         0.495   0.495   0.495
  shift_register.found_p                                 0.500   0.500   0.500
  shift_register.found_r                                 0.500   0.500   0.500
  shift_register.exact_r                                 0.500   0.500   0.500
  shift_register.verified_found_r                        0.250   0.250   0.250
  shift_register.unverified_structures                   1.000   1.000   1.000
  counter.found_p                                        0.500   0.500   0.500
  counter.found_r                                        0.875   0.875   0.875
  counter.exact_r                                        0.625   0.625   0.625
  counter.verified_found_r                               0.875   0.875   0.875
  counter.unverified_structures                          1.000   1.000   1.000
  lfsr_crc.unverified_structures                         0.000   0.000   0.000
  synchronizer.unverified_structures                     0.000   0.000   0.000
  order.counter.width<=2.within.score                    1.000   1.000   1.000
  order.counter.width>=3.within.score                    1.000   1.000   1.000
  order.data_register.width<=2.within.score              0.500   0.500   0.500
  order.data_register.width>=3.within.score              0.500   0.500   0.500
  order.shift_register.width>=3.within.score             1.000   1.000   1.000

First permutation (p1), in full:
S3 score: design tt:tt05/tt_um_digital_clock_sellicott  truth e0c78e323e16
truth: 38 registers with flops (0 without), 305 flops, 0 shadow flops, 0 unmapped flops excluded, 1 declared units (0 synchronizer chain units)
result: 48 structures (48 with labelled flops; by kind {'shift_register': 4, 'counter': 14, 'data_register': 12, 'flag': 18}), 48 groups over 305 flops; dropped: 0 flops (0 unmapped, 0 unknown) in 0 structures
proofs: 30 structures claim 'proven'; 16 verified by the harness (harness (tools/s3/verify.py)); harness outcomes {'unscored kind': 30, 'verified': 16, 'hold': 1, 'vacuous': 1}; reason buckets {'unscored kind': 30, 'verified': 16, 'hold': 1, 'vacuous': 1}
  scored kinds: shift_register 3/4 verified; counter 13/14 verified; lfsr_crc 0/0 verified; synchronizer 0/0 verified; unscored kinds: 30 structures

Honesty (found = the recognizer's answer matched the register; verified = it matched a structure the HARNESS proved; 48/48 structures carry a verdict):
  kind             regs strs    found R verif R  gap   verified/structures   unverified by reason
  shift_register      4    4      0.500   0.250    1           3/4           hold 1
  counter             8   14      0.875   0.875    0          13/14          vacuous 1
  lfsr_crc            0    0          -       -    0           0/0           -
  synchronizer        0    0          -       -    0           0/0           -
  every unverified structure by reason: {'unscored kind': 30, 'hold': 1, 'vacuous': 1} (including 30 of unscored kinds)
  verified structures: 16 (16 with a verdict); vacuous hold 2 (emptied by {'verified': 2}); with a load case 4
  load_hidden_share of the verified set: mean 0.347 max 0.495 over the 4 that name a load case; mean 0.087 over all 16 verified (a structure with no load case hides nothing)
  params of the verified set: 16 carry an UNCHECKED parameter, 0 only certified ones; unchecked names {'load': 13, 'lanes_unordered': 3, 'serial_in': 3}
  liveness: 0 verified structures carry a dead bit; 3 of 16 carry NO per-bit liveness obligation (only counter does); lfsr_crc polynomial certified 0/0
  LIMITATION: found and verified are reported separately because the harness certifies fewer structures than the recognizer finds. On the development design the gap is the hold obligation: the count condition pins a reload register whose complement is not a bounded set of cubes, so no legal set of VERIFIED cases (the defining case, when_down and the reset cases) covers the space and the hold region cannot be discharged -- and an opaque load case may not be the thing that empties it. This is an ACCEPTED limitation of this freeze, not a recognizer miss and not a contract to widen (lead decision, 2026-09-23).
    reason hold: control.hold is required for a counter and a shift_register and either was not claimed or the hold region could not be discharged (an opaque load case may not be what empties it)
    reason unscored kind: not one of the four STRUCTURE_KINDS, so it is never verified
    reason vacuous: a named case is unsatisfiable with the reset and async controls inactive, so it would be checked nowhere

OUT-OF-SAMPLE estimate, synthetic corpus holdout (tools/s3/corpus.py): 40 designs, 80 runs (128 train), from out/s3/honesty/corpus_holdout_eval.json
  aggregation: per_register_and_unit; measured on the code in this tree (12 recognizer / harness sources hash as recorded)
  kind                         found             exact    train: found / exact
  shift_register       20/30  0.6667     18/30  0.6000    0.6944 / 0.6944
  counter              28/44  0.6364     28/44  0.6364    0.7653 / 0.7296
  lfsr_crc             14/14  1.0000     14/14  1.0000    1.0000 / 1.0000
  synchronizer          6/6   1.0000      4/6   0.6667    0.8000 / 0.7000
  grouping AMI mean 0.8453 median 1.0; false-positive structures {'counter': 2, 'synchronizer': 4}
  caveat: The corpus is SYNTHETIC and was written by the same project as the recognizer; several of its classes (cohort 2) were added because the generalisation regression set showed them missing (changes.jsonl C23, C31). It is the best out-of-sample estimate that survives this round, not an independent one.
  caveat: The generalisation regression sets (out/s3/review_generalisation, review_generalisation2) are NO LONGER held out: counter.py, lfsr.py, shift.py, controls.py and verify.py all consulted them (changes.jsonl C25).
  caveat: TEMPO is the development design: every TEMPO figure is in-sample. Four recognizer fixes were traced from TEMPO misses by truth name (changes.jsonl C27-C30), and PC03, PC06, PC07, PC09, C01-C06, C10 and C21(d) were selected on TEMPO.
  caveat: These rates come from ONE seeded corpus evaluation; they carry no confidence interval.
  caveat: They describe the recognizer AND the harness verifier as of source.code_sha256: 'found' means the harness verified the structure, so a change to tools/s3/verify.py moves them as surely as a change to a recognizer module (review[1] issue 2).
  caveat: THE false_positive_structures COLUMN OVERSTATES; found / exact and their denominators do NOT. out/s3/review_generalisation2/evaluate.py's outcomes() builds its item list from truth registers whose kind is in STRUCTURE_KINDS, so a 'flag' register's alt_kinds are never consulted. Under the truth's TOGGLE_RULE a 1-bit toggle is kind 'flag' with alt_kinds ['counter'] -- the truth EXPLICITLY ACCEPTS a counter over it -- yet such a prediction matches no item there and is scored a false positive. Counted on the evaluation this document was derived from, as false-positive structures of width 1 lying entirely in one truth register of kind 'flag': holdout 2 of 6, train 10 of 16. The overstatement is in the CONSERVATIVE direction. tools/s3/score.py -- the scorer every published table comes from -- does not make this error: score.Truth builds accepts from alt_kinds for EVERY truth register, a flag included. The scoring rule is left as it is on purpose: changing it would move a published out-of-sample number without a lead decision (changes.jsonl T04, T14).

Register level, all structures: found | exact  (P = structures matched / structures, R = registers found / registers; IoU > 0.5, one to one; R75 = found at IoU >= 0.75; * = support < 3)
  kind           mode      regs strs       P     R    F1 |     P     R    F1 |   R75  mIoU   designs found all/any/total
  shift_register strict      4     4   0.500 0.500 0.500 | 0.500 0.500 0.500 | 0.500 1.000   2/2/3
  counter        strict      8    14   0.500 0.875 0.636 | 0.357 0.625 0.455 | 0.750 0.945   2/2/3
  lfsr_crc       strict      0*    0       -     -     - |     -     -     - |     -     -   0/0/0
  synchronizer   strict      0*    0       -     -     - |     -     -     - |     -     -   0/0/0
  F1 strict: macro found 0.568 exact 0.477; micro found 0.600 exact 0.467
  shift_register lenient     4     4   0.750 1.000 0.857 | 0.750 1.000 0.857 | 1.000 1.000   3/3/3
  counter        lenient     8    14   0.500 0.875 0.636 | 0.357 0.625 0.455 | 0.750 0.945   2/2/3
  lfsr_crc       lenient     0*    0       -     -     - |     -     -     - |     -     -   0/0/0
  synchronizer   lenient     0*    0       -     -     - |     -     -     - |     -     -   0/0/0
  F1 lenient: macro found 0.747 exact 0.656; micro found 0.692 exact 0.558
Bit level, all structures (one class per flop):  kind             pred  supp   P     R     F1   | lenient P R F1
                             shift_register     65    62 0.954 1.000 0.976 | 0.954 1.000 0.976
                             counter           147   174 0.830 0.701 0.760 | 0.830 0.701 0.760
                             lfsr_crc            0     0     -     -     - |     -     -     -
                             synchronizer        0     0     -     -     - |     -     -     -
  F1 bits: macro strict 0.868 lenient 0.868; micro strict 0.821 lenient 0.821; flops in structures of several kinds 0

Register level, harness-verified structures only: found | exact  (P = structures matched / structures, R = registers found / registers; IoU > 0.5, one to one; R75 = found at IoU >= 0.75; * = support < 3)
  kind           mode      regs strs       P     R    F1 |     P     R    F1 |   R75  mIoU   designs found all/any/total
  shift_register strict      4     3   0.333 0.250 0.286 | 0.333 0.250 0.286 | 0.250 1.000   1/1/3
  counter        strict      8    13   0.538 0.875 0.667 | 0.385 0.625 0.476 | 0.750 0.945   2/2/3
  lfsr_crc       strict      0*    0       -     -     - |     -     -     - |     -     -   0/0/0
  synchronizer   strict      0*    0       -     -     - |     -     -     - |     -     -   0/0/0
  F1 strict: macro found 0.476 exact 0.381; micro found 0.571 exact 0.429
  shift_register lenient     4     3   0.667 0.750 0.706 | 0.667 0.750 0.706 | 0.750 1.000   2/2/3
  counter        lenient     8    13   0.538 0.875 0.667 | 0.385 0.625 0.476 | 0.750 0.945   2/2/3
  lfsr_crc       lenient     0*    0       -     -     - |     -     -     - |     -     -   0/0/0
  synchronizer   lenient     0*    0       -     -     - |     -     -     - |     -     -   0/0/0
  F1 lenient: macro found 0.686 exact 0.591; micro found 0.672 exact 0.528
Bit level, harness-verified structures only (one class per flop):  kind             pred  supp   P     R     F1   | lenient P R F1
                             shift_register     17    62 0.824 0.226 0.354 | 0.824 0.226 0.354
                             counter           135   174 0.815 0.632 0.712 | 0.815 0.632 0.712
                             lfsr_crc            0     0     -     -     - |     -     -     -
                             synchronizer        0     0     -     -     - |     -     -     -
  F1 bits: macro strict 0.533 lenient 0.533; micro strict 0.639 lenient 0.639; flops in structures of several kinds 0
strict synchronizers: a synchronizer register that is a member of a declared chain unit (a synchronizer unit whose members are all synchronizer registers) is scored strictly through its chain units only

Order (Kendall concordance over the truth's ordered pairs; unasserted pairs are ties worth 1/2; chance under random order; kappa = (score - chance) / (1 - chance)):
  shift_register width>=3: 3/3 ordered, 3 all correct; within lanes 1.000 (coverage 1.00, chance 0.542, kappa 1.000) over 1154 pairs; 1 declared lanes_unordered: 5 across pairs not scored
  counter width<=2: 1/1 ordered, 1 all correct; within lanes 1.000 (coverage 1.00, chance 0.500, kappa 1.000) over 1 pairs
  counter width>=3: 6/6 ordered, 6 all correct; within lanes 1.000 (coverage 1.00, chance 0.500, kappa 1.000) over 410 pairs
  data_register width<=2: 0/1 ordered, 0 all correct; within lanes 0.500 (coverage 0.00, chance 0.500, kappa 0.000) over 1 pairs
  data_register width>=3: 0/1 ordered, 0 all correct; within lanes 0.500 (coverage 0.00, chance 0.500, kappa 0.000) over 3 pairs
Parameters (only where the truth knows them): 19/23 correct (0.826; majority-value baseline 0.696, kappa 0.429); informative parameters 12/16 (0.750, baseline 0.562)
  split (a compared parameter is CERTIFIED only when the harness VERIFIED the matched structure and named the parameter in the verdict's params_checked; every other compared parameter is TRANSCRIBED -- copied from the recognizer's answer and never checked):
    CERTIFIED   16/18 (0.889)  over 4 parameter name(s): counter.direction, counter.step, shift_register.depth, shift_register.lanes
    TRANSCRIBED 3/5 (0.600)  over 3 parameter name(s): shift_register.depth, shift_register.lanes, shift_register.serial_in
  counter.direction            7/7  majority 7/7  certified 7/7 transcribed 0/0  (constant in the truth)
  counter.step                 5/7  majority 5/7  certified 5/7 transcribed 0/0
  shift_register.depth         3/3  majority 1/3  certified 2/2 transcribed 1/1
  shift_register.lanes         3/3  majority 2/3  certified 2/2 transcribed 1/1
  shift_register.serial_in     1/3  majority 1/3  certified 0/0 transcribed 1/3

Grouping (truth partition = primary register of each flop; ungrouped flops are singletons):
  all_flops (n=305, truth blocks 38, predicted 48): AMI 0.827  ARI 0.645  NMI 0.878  pair P/R/F1 0.987/0.520/0.681  purity 0.941/0.741  exact words 8/21 (lenient 10)  splits 11 merges 11
    baselines: singletons AMI -0.000 ARI 0.000 NMI 0.613; random blocks (5 draws) AMI -0.001 ARI -0.009 NMI 0.259
  multi_flop_registers (n=288, truth blocks 21, predicted 36): AMI 0.824  ARI 0.640  NMI 0.865  pair P/R/F1 0.989/0.520/0.681  purity 0.955/0.726  exact words 8/21 (lenient 10)  splits 11 merges 7
    baselines: singletons AMI 0.000 ARI 0.000 NMI 0.575; random blocks (5 draws) AMI 0.002 ARI 0.000 NMI 0.187

Baselines (strict, all structures):
  majority_class: every flop its own structure of kind counter (the structure kind owning the most truth flops); groups: singletons
    found R shift_register 0.000, counter 0.000, lfsr_crc     -, synchronizer     -; bit F1 shift_register 0.000, counter 0.727, lfsr_crc     -, synchronizer     -; F1 registers macro 0.000 micro 0.000; bits macro 0.363 micro 0.643
  structural: copy graph: edge j->i when flop j is the only flop, other than i itself and the 'control flops' (flops in the next-state support of more than 5% of all flops), in the support of i's next-state function; components of >= 2 flops are groups; a simple path of >= 3 flops is a shift_register ordered head to tail, a 2-flop path whose head has no such flop in its support is a synchronizer, other components are data_register (unscored)
    found R shift_register 0.750, counter 0.000, lfsr_crc     -, synchronizer     -; bit F1 shift_register 0.350, counter 0.000, lfsr_crc     -, synchronizer 0.000; F1 registers macro 0.286 micro 0.286; bits macro 0.117 micro 0.105; AMI 0.080 ARI 0.021

[p1] recognizer: ok=True rc=0 wall 107.728 s, child peak RSS 1442.9 MB (self-reported), OS sandbox sandbox-exec, audit-hook denials 0
[p1] proofs: 16/48 structures verified by the harness (30 claimed proven; outcomes {'unscored kind': 30, 'verified': 16, 'hold': 1, 'vacuous': 1}); answer 72db2d238bff
[p1] of the verified: vacuous hold 2; with unchecked params 16; with dead bits 0; load_hidden_share mean 0.3473 max 0.4951 over 4; unverified by reason {'unscored kind': 30, 'hold': 1, 'vacuous': 1}
[p1] canonical order: {"classes_final": 3725, "classes_stable": 3655, "individualized": 30, "rounds": 81, "seconds": 0.032, "tied_cells": 0, "tied_nets": 0}
[p2] recognizer: ok=True rc=0 wall 107.33 s, child peak RSS 1453.1 MB (self-reported), OS sandbox sandbox-exec, audit-hook denials 0
[p2] proofs: 16/48 structures verified by the harness (30 claimed proven; outcomes {'unscored kind': 30, 'verified': 16, 'hold': 1, 'vacuous': 1}); answer 72db2d238bff
[p2] of the verified: vacuous hold 2; with unchecked params 16; with dead bits 0; load_hidden_share mean 0.3473 max 0.4951 over 4; unverified by reason {'unscored kind': 30, 'hold': 1, 'vacuous': 1}
[p2] canonical order: {"classes_final": 3725, "classes_stable": 3655, "individualized": 30, "rounds": 81, "seconds": 0.031, "tied_cells": 0, "tied_nets": 0}
[p3] recognizer: ok=True rc=0 wall 107.463 s, child peak RSS 1444.9 MB (self-reported), OS sandbox sandbox-exec, audit-hook denials 0
[p3] proofs: 16/48 structures verified by the harness (30 claimed proven; outcomes {'unscored kind': 30, 'verified': 16, 'hold': 1, 'vacuous': 1}); answer 72db2d238bff
[p3] of the verified: vacuous hold 2; with unchecked params 16; with dead bits 0; load_hidden_share mean 0.3473 max 0.4951 over 4; unverified by reason {'unscored kind': 30, 'hold': 1, 'vacuous': 1}
[p3] canonical order: {"classes_final": 3725, "classes_stable": 3655, "individualized": 30, "rounds": 81, "seconds": 0.031, "tied_cells": 0, "tied_nets": 0}
[p4] recognizer: ok=True rc=0 wall 107.928 s, child peak RSS 1421.6 MB (self-reported), OS sandbox sandbox-exec, audit-hook denials 0
[p4] proofs: 16/48 structures verified by the harness (30 claimed proven; outcomes {'unscored kind': 30, 'verified': 16, 'hold': 1, 'vacuous': 1}); answer 72db2d238bff
[p4] of the verified: vacuous hold 2; with unchecked params 16; with dead bits 0; load_hidden_share mean 0.3473 max 0.4951 over 4; unverified by reason {'unscored kind': 30, 'hold': 1, 'vacuous': 1}
[p4] canonical order: {"classes_final": 3725, "classes_stable": 3655, "individualized": 30, "rounds": 81, "seconds": 0.031, "tied_cells": 0, "tied_nets": 0}
[p5] recognizer: ok=True rc=0 wall 107.772 s, child peak RSS 1452.6 MB (self-reported), OS sandbox sandbox-exec, audit-hook denials 0
[p5] proofs: 16/48 structures verified by the harness (30 claimed proven; outcomes {'unscored kind': 30, 'verified': 16, 'hold': 1, 'vacuous': 1}); answer 72db2d238bff
[p5] of the verified: vacuous hold 2; with unchecked params 16; with dead bits 0; load_hidden_share mean 0.3473 max 0.4951 over 4; unverified by reason {'unscored kind': 30, 'hold': 1, 'vacuous': 1}
[p5] canonical order: {"classes_final": 3725, "classes_stable": 3655, "individualized": 30, "rounds": 81, "seconds": 0.032, "tied_cells": 0, "tied_nets": 0}
modules ['tools.s3.recognize', 'tools.s3.shift', 'tools.s3.params', 'tools.s3.netlist', 'tools.s3.controls', 'tools.s3.lfsr', 'tools.s3.group', 'tools.s3.counter']; netlist 417ec25d724b
timings (s): {'extract_and_load_s': 1.248, 'total_s': 112.733}; harness peak RSS 216.2 MB
wrote out/s3/runs/blind-tt05__tt_um_digital_clock_sellicott-20260923T164430Z-0b3815420281.json
