Permutations: K = 5 (5 valid), 1 distinct answers up to ids; scored-kind structure sets: common 3 of union 3, pairwise Jaccard {'min': 1.0, 'mean': 1.0, 'max': 1.0}
  metric                                                  mean     min     max
  macro_f1_registers                                     0.333   0.333   0.333
  macro_f1_registers_exact                               0.000   0.000   0.000
  micro_f1_registers                                     0.400   0.400   0.400
  macro_f1_bits                                          0.278   0.278   0.278
  macro_f1_registers_verified                            0.000   0.000   0.000
  ami                                                    0.031   0.031   0.031
  ari                                                    0.010   0.010   0.010
  params_accuracy                                        0.667   0.667   0.667
  params_certified_compared                              0.000   0.000   0.000
  params_transcribed_accuracy                            0.667   0.667   0.667
  params_transcribed_compared                            3.000   3.000   3.000
  verified                                               1.000   1.000   1.000
  unknown                                                0.000   0.000   0.000
  verified_vacuous_hold                                  0.000   0.000   0.000
  verified_with_unchecked_params                         1.000   1.000   1.000
  verified_with_dead_bits                                0.000   0.000   0.000
  shift_register.found_p                                 0.000   0.000   0.000
  shift_register.unverified_structures                   1.000   1.000   1.000
  counter.found_p                                        1.000   1.000   1.000
  counter.found_r                                        1.000   1.000   1.000
  counter.exact_r                                        0.000   0.000   0.000
  counter.verified_found_r                               0.000   0.000   0.000
  counter.unverified_structures                          1.000   1.000   1.000
  lfsr_crc.unverified_structures                         0.000   0.000   0.000
  synchronizer.found_r                                   0.000   0.000   0.000
  synchronizer.exact_r                                   0.000   0.000   0.000
  synchronizer.verified_found_r                          0.000   0.000   0.000
  synchronizer.unverified_structures                     0.000   0.000   0.000
  order.counter.width>=3.within.score                    1.000   1.000   1.000

First permutation (p1), in full:
S3 score: design tt:tt05/tt_um_nickjhay_processor  truth fccea0b2f387
truth: 188 registers with flops (0 without), 201 flops, 0 shadow flops, 0 unmapped flops excluded, 0 declared units (0 synchronizer chain units)
result: 10 structures (10 with labelled flops; by kind {'shift_register': 2, 'counter': 1, 'data_register': 3, 'flag': 4}), 10 groups over 201 flops; dropped: 0 flops (0 unmapped, 0 unknown) in 0 structures
proofs: 4 structures claim 'proven'; 1 verified by the harness (harness (tools/s3/verify.py)); harness outcomes {'unscored kind': 7, 'hold': 2, 'verified': 1}; reason buckets {'unscored kind': 7, 'hold': 2, 'verified': 1}
  scored kinds: shift_register 1/2 verified; counter 0/1 verified; lfsr_crc 0/0 verified; synchronizer 0/0 verified; unscored kinds: 7 structures

Honesty (found = the recognizer's answer matched the register; verified = it matched a structure the HARNESS proved; 10/10 structures carry a verdict):
  kind             regs strs    found R verif R  gap   verified/structures   unverified by reason
  shift_register      0    2          -       -    0           1/2           hold 1
  counter             1    1      1.000   0.000    1           0/1           hold 1
  lfsr_crc            0    0          -       -    0           0/0           -
  synchronizer        1    0      0.000   0.000    0           0/0           -
  every unverified structure by reason: {'unscored kind': 7, 'hold': 2} (including 7 of unscored kinds)
  verified structures: 1 (1 with a verdict); vacuous hold 0 (emptied by -); with a load case 0
  load_hidden_share of the verified set: mean     - max     - over the 0 that name a load case; mean 0.000 over all 1 verified (a structure with no load case hides nothing)
  params of the verified set: 1 carry an UNCHECKED parameter, 0 only certified ones; unchecked names {'lanes_unordered': 1, 'serial_in': 1}
  liveness: 0 verified structures carry a dead bit; 1 of 1 carry NO per-bit liveness obligation (only counter does); lfsr_crc polynomial certified 0/0
  LIMITATION: found and verified are reported separately because the harness certifies fewer structures than the recognizer finds. On the development design the gap is the hold obligation: the count condition pins a reload register whose complement is not a bounded set of cubes, so no legal set of VERIFIED cases (the defining case, when_down and the reset cases) covers the space and the hold region cannot be discharged -- and an opaque load case may not be the thing that empties it. This is an ACCEPTED limitation of this freeze, not a recognizer miss and not a contract to widen (lead decision, 2026-09-23).
    reason hold: control.hold is required for a counter and a shift_register and either was not claimed or the hold region could not be discharged (an opaque load case may not be what empties it)
    reason unscored kind: not one of the four STRUCTURE_KINDS, so it is never verified

OUT-OF-SAMPLE estimate, synthetic corpus holdout (tools/s3/corpus.py): 40 designs, 80 runs (128 train), from out/s3/honesty/corpus_holdout_eval.json
  aggregation: per_register_and_unit; measured on the code in this tree (12 recognizer / harness sources hash as recorded)
  kind                         found             exact    train: found / exact
  shift_register       20/30  0.6667     18/30  0.6000    0.6944 / 0.6944
  counter              28/44  0.6364     28/44  0.6364    0.7653 / 0.7296
  lfsr_crc             14/14  1.0000     14/14  1.0000    1.0000 / 1.0000
  synchronizer          6/6   1.0000      4/6   0.6667    0.8000 / 0.7000
  grouping AMI mean 0.8453 median 1.0; false-positive structures {'counter': 2, 'synchronizer': 4}
  caveat: The corpus is SYNTHETIC and was written by the same project as the recognizer; several of its classes (cohort 2) were added because the generalisation regression set showed them missing (changes.jsonl C23, C31). It is the best out-of-sample estimate that survives this round, not an independent one.
  caveat: The generalisation regression sets (out/s3/review_generalisation, review_generalisation2) are NO LONGER held out: counter.py, lfsr.py, shift.py, controls.py and verify.py all consulted them (changes.jsonl C25).
  caveat: TEMPO is the development design: every TEMPO figure is in-sample. Four recognizer fixes were traced from TEMPO misses by truth name (changes.jsonl C27-C30), and PC03, PC06, PC07, PC09, C01-C06, C10 and C21(d) were selected on TEMPO.
  caveat: These rates come from ONE seeded corpus evaluation; they carry no confidence interval.
  caveat: They describe the recognizer AND the harness verifier as of source.code_sha256: 'found' means the harness verified the structure, so a change to tools/s3/verify.py moves them as surely as a change to a recognizer module (review[1] issue 2).
  caveat: THE false_positive_structures COLUMN OVERSTATES; found / exact and their denominators do NOT. out/s3/review_generalisation2/evaluate.py's outcomes() builds its item list from truth registers whose kind is in STRUCTURE_KINDS, so a 'flag' register's alt_kinds are never consulted. Under the truth's TOGGLE_RULE a 1-bit toggle is kind 'flag' with alt_kinds ['counter'] -- the truth EXPLICITLY ACCEPTS a counter over it -- yet such a prediction matches no item there and is scored a false positive. Counted on the evaluation this document was derived from, as false-positive structures of width 1 lying entirely in one truth register of kind 'flag': holdout 2 of 6, train 10 of 16. The overstatement is in the CONSERVATIVE direction. tools/s3/score.py -- the scorer every published table comes from -- does not make this error: score.Truth builds accepts from alt_kinds for EVERY truth register, a flag included. The scoring rule is left as it is on purpose: changing it would move a published out-of-sample number without a lead decision (changes.jsonl T04, T14).

Register level, all structures: found | exact  (P = structures matched / structures, R = registers found / registers; IoU > 0.5, one to one; R75 = found at IoU >= 0.75; * = support < 3)
  kind           mode      regs strs       P     R    F1 |     P     R    F1 |   R75  mIoU   designs found all/any/total
  shift_register strict      0*    2   0.000     - 0.000 | 0.000     - 0.000 |     -     -   0/0/0
  counter        strict      1*    1   1.000 1.000 1.000 | 0.000 0.000 0.000 | 0.000 0.714   1/1/1
  lfsr_crc       strict      0*    0       -     -     - |     -     -     - |     -     -   0/0/0
  synchronizer   strict      1*    0       - 0.000 0.000 |     - 0.000 0.000 | 0.000     -   0/0/1
  F1 strict: macro found 0.333 exact 0.000; micro found 0.400 exact 0.000
  shift_register lenient     0*    2   0.000     - 0.000 | 0.000     - 0.000 |     -     -   0/0/0
  counter        lenient     1*    1   1.000 1.000 1.000 | 0.000 0.000 0.000 | 0.000 0.714   1/1/1
  lfsr_crc       lenient     0*    0       -     -     - |     -     -     - |     -     -   0/0/0
  synchronizer   lenient     1*    0       - 0.000 0.000 |     - 0.000 0.000 | 0.000     -   0/0/1
  F1 lenient: macro found 0.333 exact 0.000; micro found 0.400 exact 0.000
Bit level, all structures (one class per flop):  kind             pred  supp   P     R     F1   | lenient P R F1
                             shift_register    120     0 0.000     - 0.000 | 0.000     - 0.000
                             counter             5     7 1.000 0.714 0.833 | 1.000 0.714 0.833
                             lfsr_crc            0     0     -     -     - |     -     -     -
                             synchronizer        0     8     - 0.000 0.000 |     - 0.000 0.000
  F1 bits: macro strict 0.278 lenient 0.278; micro strict 0.071 lenient 0.071; flops in structures of several kinds 0

Register level, harness-verified structures only: found | exact  (P = structures matched / structures, R = registers found / registers; IoU > 0.5, one to one; R75 = found at IoU >= 0.75; * = support < 3)
  kind           mode      regs strs       P     R    F1 |     P     R    F1 |   R75  mIoU   designs found all/any/total
  shift_register strict      0*    1   0.000     - 0.000 | 0.000     - 0.000 |     -     -   0/0/0
  counter        strict      1*    0       - 0.000 0.000 |     - 0.000 0.000 | 0.000     -   0/0/1
  lfsr_crc       strict      0*    0       -     -     - |     -     -     - |     -     -   0/0/0
  synchronizer   strict      1*    0       - 0.000 0.000 |     - 0.000 0.000 | 0.000     -   0/0/1
  F1 strict: macro found 0.000 exact 0.000; micro found 0.000 exact 0.000
  shift_register lenient     0*    1   0.000     - 0.000 | 0.000     - 0.000 |     -     -   0/0/0
  counter        lenient     1*    0       - 0.000 0.000 |     - 0.000 0.000 | 0.000     -   0/0/1
  lfsr_crc       lenient     0*    0       -     -     - |     -     -     - |     -     -   0/0/0
  synchronizer   lenient     1*    0       - 0.000 0.000 |     - 0.000 0.000 | 0.000     -   0/0/1
  F1 lenient: macro found 0.000 exact 0.000; micro found 0.000 exact 0.000
Bit level, harness-verified structures only (one class per flop):  kind             pred  supp   P     R     F1   | lenient P R F1
                             shift_register     56     0 0.000     - 0.000 | 0.000     - 0.000
                             counter             0     7     - 0.000 0.000 |     - 0.000 0.000
                             lfsr_crc            0     0     -     -     - |     -     -     -
                             synchronizer        0     8     - 0.000 0.000 |     - 0.000 0.000
  F1 bits: macro strict 0.000 lenient 0.000; micro strict 0.000 lenient 0.000; flops in structures of several kinds 0
strict synchronizers: a synchronizer register that is a member of a declared chain unit (a synchronizer unit whose members are all synchronizer registers) is scored strictly through its chain units only

Order (Kendall concordance over the truth's ordered pairs; unasserted pairs are ties worth 1/2; chance under random order; kappa = (score - chance) / (1 - chance)):
  counter width>=3: 1/1 ordered, 1 all correct; within lanes 1.000 (coverage 1.00, chance 0.500, kappa 1.000) over 10 pairs
Parameters (only where the truth knows them): 2/3 correct (0.667; majority-value baseline 1.000, kappa     -); informative parameters 0/0 (    -, baseline     -)
  split (a compared parameter is CERTIFIED only when the harness VERIFIED the matched structure and named the parameter in the verdict's params_checked; every other compared parameter is TRANSCRIBED -- copied from the recognizer's answer and never checked):
    CERTIFIED   0/0 (    -)  over 0 parameter name(s): -
    TRANSCRIBED 2/3 (0.667)  over 3 parameter name(s): counter.direction, counter.modulus, counter.step
  counter.direction            1/1  majority 1/1  certified 0/0 transcribed 1/1  (constant in the truth)
  counter.modulus              0/1  majority 1/1  certified 0/0 transcribed 0/1  (constant in the truth)
  counter.step                 1/1  majority 1/1  certified 0/0 transcribed 1/1  (constant in the truth)

Grouping (truth partition = primary register of each flop; ungrouped flops are singletons):
  all_flops (n=201, truth blocks 188, predicted 10): AMI 0.031  ARI 0.010  NMI 0.450  pair P/R/F1 0.007/0.776/0.015  purity 0.104/0.990  exact words 0/2 (lenient 0)  splits 1 merges 5
    baselines: singletons AMI 0.000 ARI 0.000 NMI 0.986; random blocks (5 draws) AMI -0.005 ARI -0.002 NMI 0.971
  multi_flop_registers (n=15, truth blocks 2, predicted 4): AMI 0.749  ARI 0.787  NMI 0.788  pair P/R/F1 1.000/0.776/0.874  purity 1.000/0.867  exact words 1/2 (lenient 1)  splits 1 merges 0
    baselines: singletons AMI 0.000 ARI 0.000 NMI 0.407; random blocks (5 draws) AMI -0.038 ARI -0.048 NMI 0.018

Baselines (strict, all structures):
  majority_class: every flop its own structure of kind synchronizer (the structure kind owning the most truth flops); groups: singletons
    found R shift_register     -, counter 0.000, lfsr_crc     -, synchronizer 0.000; bit F1 shift_register     -, counter 0.000, lfsr_crc     -, synchronizer 0.077; F1 registers macro 0.000 micro 0.000; bits macro 0.038 micro 0.074
  structural: copy graph: edge j->i when flop j is the only flop, other than i itself and the 'control flops' (flops in the next-state support of more than 5% of all flops), in the support of i's next-state function; components of >= 2 flops are groups; a simple path of >= 3 flops is a shift_register ordered head to tail, a 2-flop path whose head has no such flop in its support is a synchronizer, other components are data_register (unscored)
    found R shift_register     -, counter 0.000, lfsr_crc     -, synchronizer 0.000; bit F1 shift_register 0.000, counter 0.000, lfsr_crc     -, synchronizer 0.200; F1 registers macro 0.000 micro 0.000; bits macro 0.067 micro 0.027; AMI -0.008 ARI -0.004

[p1] recognizer: ok=True rc=0 wall 4.765 s, child peak RSS 142.0 MB (self-reported), OS sandbox sandbox-exec, audit-hook denials 0
[p1] proofs: 1/10 structures verified by the harness (4 claimed proven; outcomes {'unscored kind': 7, 'hold': 2, 'verified': 1}); answer 88ea0682e698
[p1] of the verified: vacuous hold 0; with unchecked params 1; with dead bits 0; load_hidden_share mean None max None over 0; unverified by reason {'unscored kind': 7, 'hold': 2}
[p1] canonical order: {"classes_final": 2607, "classes_stable": 2561, "individualized": 16, "rounds": 56, "seconds": 0.022, "tied_cells": 0, "tied_nets": 0}
[p2] recognizer: ok=True rc=0 wall 4.699 s, child peak RSS 141.3 MB (self-reported), OS sandbox sandbox-exec, audit-hook denials 0
[p2] proofs: 1/10 structures verified by the harness (4 claimed proven; outcomes {'unscored kind': 7, 'hold': 2, 'verified': 1}); answer 88ea0682e698
[p2] of the verified: vacuous hold 0; with unchecked params 1; with dead bits 0; load_hidden_share mean None max None over 0; unverified by reason {'unscored kind': 7, 'hold': 2}
[p2] canonical order: {"classes_final": 2607, "classes_stable": 2561, "individualized": 16, "rounds": 56, "seconds": 0.018, "tied_cells": 0, "tied_nets": 0}
[p3] recognizer: ok=True rc=0 wall 4.464 s, child peak RSS 138.4 MB (self-reported), OS sandbox sandbox-exec, audit-hook denials 0
[p3] proofs: 1/10 structures verified by the harness (4 claimed proven; outcomes {'unscored kind': 7, 'hold': 2, 'verified': 1}); answer 88ea0682e698
[p3] of the verified: vacuous hold 0; with unchecked params 1; with dead bits 0; load_hidden_share mean None max None over 0; unverified by reason {'unscored kind': 7, 'hold': 2}
[p3] canonical order: {"classes_final": 2607, "classes_stable": 2561, "individualized": 16, "rounds": 56, "seconds": 0.018, "tied_cells": 0, "tied_nets": 0}
[p4] recognizer: ok=True rc=0 wall 4.707 s, child peak RSS 141.5 MB (self-reported), OS sandbox sandbox-exec, audit-hook denials 0
[p4] proofs: 1/10 structures verified by the harness (4 claimed proven; outcomes {'unscored kind': 7, 'hold': 2, 'verified': 1}); answer 88ea0682e698
[p4] of the verified: vacuous hold 0; with unchecked params 1; with dead bits 0; load_hidden_share mean None max None over 0; unverified by reason {'unscored kind': 7, 'hold': 2}
[p4] canonical order: {"classes_final": 2607, "classes_stable": 2561, "individualized": 16, "rounds": 56, "seconds": 0.022, "tied_cells": 0, "tied_nets": 0}
[p5] recognizer: ok=True rc=0 wall 4.762 s, child peak RSS 142.3 MB (self-reported), OS sandbox sandbox-exec, audit-hook denials 0
[p5] proofs: 1/10 structures verified by the harness (4 claimed proven; outcomes {'unscored kind': 7, 'hold': 2, 'verified': 1}); answer 88ea0682e698
[p5] of the verified: vacuous hold 0; with unchecked params 1; with dead bits 0; load_hidden_share mean None max None over 0; unverified by reason {'unscored kind': 7, 'hold': 2}
[p5] canonical order: {"classes_final": 2607, "classes_stable": 2561, "individualized": 16, "rounds": 56, "seconds": 0.021, "tied_cells": 0, "tied_nets": 0}
modules ['tools.s3.recognize', 'tools.s3.shift', 'tools.s3.params', 'tools.s3.netlist', 'tools.s3.controls', 'tools.s3.lfsr', 'tools.s3.group', 'tools.s3.counter']; netlist d95946c13126
timings (s): {'extract_and_load_s': 0.978, 'total_s': 8.119}; harness peak RSS 207.7 MB
wrote out/s3/runs/blind-tt05__tt_um_nickjhay_processor-20260923T164730Z-bb64c58cedec.json
